Microchip MPLAB XC8 Compiler V2.32

Linker command line:

-W-3 --edf=C:\Program Files\Microchip\xc8\v2.32\pic\dat\en_msgs.txt -cn \
  -h+dist/default/production\Capteur_Temp.X.production.sym \
  --cmf=dist/default/production\Capteur_Temp.X.production.cmf -z -Q18F25K40 \
  -oC:\Users\FABIEN~1\AppData\Local\Temp\xcAs6so.4 --defsym=__MPLAB_BUILD=1 \
  -Mdist/default/production/Capteur_Temp.X.production.map -E1 \
  -ver=XC8 Compiler --acfsm=1493 -ASTACK=0130h-07FFh -pstack=STACK \
  -ACODE=00h-07FFFh -ACONST=00h-07FFFh -ASMALLCONST=0800h-08FFhx120 \
  -AMEDIUMCONST=0800h-07FFFh -ACOMRAM=01h-05Fh -AABS1=00h-07FFh \
  -ABIGRAM=01h-07FFh -ARAM=060h-0FFh,0100h-01FFhx7 -ABANK0=060h-0FFh \
  -ABANK1=0100h-01FFh -ABANK2=0200h-02FFh -ABANK3=0300h-03FFh \
  -ABANK4=0400h-04FFh -ABANK5=0500h-05FFh -ABANK6=0600h-06FFh \
  -ABANK7=0700h-07FFh -ASFR=0EA0h-0EFFhx2,0F60h-0FFFh \
  -ACONFIG=0300000h-030000Bh -AIDLOC=0200000h-020000Fh \
  -AEEDATA=0310000h-03100FFh -peeprom_data=EEDATA \
  -preset_vec=00h,intcode,intcodelo,powerup,init -pramtop=0800h \
  -psmallconst=SMALLCONST -pmediumconst=MEDIUMCONST -pconst=CONST \
  -AFARRAM=00h-00h \
  -prdata=COMRAM,nvrram=COMRAM,nvbit=COMRAM,rbss=COMRAM,rbit=COMRAM \
  -pfarbss=FARRAM,fardata=FARRAM,nvFARRAM=FARRAM \
  -pintsave_regs=BIGRAM,bigbss=BIGRAM,bigdata=BIGRAM -pbss=RAM \
  -pidata=CODE,irdata=CODE,ibigdata=CODE,ifardata=CODE -prparam=COMRAM \
  C:\Users\FABIEN~1\AppData\Local\Temp\xcAs6so.o \
  dist/default/production\Capteur_Temp.X.production.o 

Object code version is 3.11

Machine type is 18F25K40



                Name                               Link     Load   Length Selector   Space Scale
C:\Users\FABIEN~1\AppData\Local\Temp\xcAs6so.o
                idloc                            200000   200000       10        0       5
                config                           300000   300000        C        0       4
                init                                  0        0        4        0       0
dist/default/production\Capteur_Temp.X.production.o
                idloc                            200000   200000       10        0       5
                config                           300000   300000        C        0       4
                mediumconst                        7D1C     7D1C      2E4     3E8E       0
                text58                             4B8C     4B8C       22     25C6       0
                text57                             4B52     4B52       1C     25A9       0
                text56                             4B6E     4B6E       1E     25B7       0
                text55                             4AE0     4AE0       16     2570       0
                text54                             5580     5580       EC     2AC0       0
                text53                             5034     5034       78     281A       0
                text52                             50AC     50AC       84     2856       0
                text51                             54B2     54B2       CE     2A59       0
                text50                             4C2E     4C2E       34     2617       0
                text49                             4ABA     4ABA       12     255D       0
                text48                             4D1A     4D1A       48     268D       0
                text47                             5FB4     5FB4      174     2FDA       0
                text46                             4B38     4B38       1A     259C       0
                text45                             566C     566C       F2     2B36       0
                text44                             4AA0     4AA0        C     2550       0
                text43                             4AF6     4AF6       16     257B       0
                text42                             62A8     62A8      184     3154       0
                text41                             4BAE     4BAE       28     25D7       0
                text40                             4C62     4C62       38     2631       0
                text39                             4B0C     4B0C       16     2586       0
                text38                             5B6A     5B6A      110     2DB5       0
                text37                             4CD6     4CD6       44     266B       0
                text36                             4F4C     4F4C       74     27A6       0
                text35                             4E0E     4E0E       66     2707       0
                text34                             575E     575E       FC     2BAF       0
                text33                             585A     585A       FC     2C2D       0
                text32                             5E9E     5E9E      116     2F4F       0
                text31                             4AAC     4AAC        E     2556       0
                text30                             4C00     4C00       2E     2600       0
                text29                             5A5E     5A5E      10C     2D2F       0
                text28                             5324     5324       C4     2992       0
                text27                             51B4     51B4       B0     28DA       0
                text26                             4C9A     4C9A       3C     264D       0
                text25                             6A1C     6A1C      39A     350E       0
                text24                             6DB6     6DB6      42A     36DB       0
                text23                             5956     5956      108     2CAB       0
                text22                             65CA     65CA      1B4     32E5       0
                text21                             4E74     4E74       6A     273A       0
                text20                             5130     5130       84     2898       0
                text19                             4A76     4A76        4     253B       0
                text18                             4ACC     4ACC       14     2566       0
                text17                             4B22     4B22       16     2591       0
                text16                             4EDE     4EDE       6E     276F       0
                text15                             71E0     71E0      4C0     38F0       0
                text14                             4D62     4D62       48     26B1       0
                text13                             5C7A     5C7A      110     2E3D       0
                text12                             677E     677E      29E     33BF       0
                text11                             6128     6128      180     3094       0
                text10                             4DAA     4DAA       64     26D5       0
                text9                              642C     642C      19E     3216       0
                text8                              53E8     53E8       CA     29F4       0
                text7                              4A7E     4A7E        8     253F       0
                text6                              4A86     4A86        8     2543       0
                text5                              4A7A     4A7A        4     253D       0
                text4                              4A8E     4A8E        8     2547       0
                text3                              4FC0     4FC0       74     27E0       0
                text2                              5D8A     5D8A      114     2EC5       0
                text1                              5264     5264       C0     2932       0
                text0                              76A0     76A0      67C     3B50       0
                cstackCOMRAM                          1        1       5F        1       1
                cstackBANK0                          60       60       87       60       1
                cstackBANK1                         100      100       30      100       1
                dataBANK0                            E7       E7        9       60       1
                cinit                              4BD6     4BD6       2A     25EB       0
                idataBANK0                         4A97     4A97        9     4A97       0

TOTAL           Name                               Link     Load   Length     Space
        CLASS   STACK          

        CLASS   CODE           
                init                                  0        0        4         0
                text58                             4B8C     4B8C       22         0
                text57                             4B52     4B52       1C         0
                text56                             4B6E     4B6E       1E         0
                text55                             4AE0     4AE0       16         0
                text54                             5580     5580       EC         0
                text53                             5034     5034       78         0
                text52                             50AC     50AC       84         0
                text51                             54B2     54B2       CE         0
                text50                             4C2E     4C2E       34         0
                text49                             4ABA     4ABA       12         0
                text48                             4D1A     4D1A       48         0
                text47                             5FB4     5FB4      174         0
                text46                             4B38     4B38       1A         0
                text45                             566C     566C       F2         0
                text44                             4AA0     4AA0        C         0
                text43                             4AF6     4AF6       16         0
                text42                             62A8     62A8      184         0
                text41                             4BAE     4BAE       28         0
                text40                             4C62     4C62       38         0
                text39                             4B0C     4B0C       16         0
                text38                             5B6A     5B6A      110         0
                text37                             4CD6     4CD6       44         0
                text36                             4F4C     4F4C       74         0
                text35                             4E0E     4E0E       66         0
                text34                             575E     575E       FC         0
                text33                             585A     585A       FC         0
                text32                             5E9E     5E9E      116         0
                text31                             4AAC     4AAC        E         0
                text30                             4C00     4C00       2E         0
                text29                             5A5E     5A5E      10C         0
                text28                             5324     5324       C4         0
                text27                             51B4     51B4       B0         0
                text26                             4C9A     4C9A       3C         0
                text25                             6A1C     6A1C      39A         0
                text24                             6DB6     6DB6      42A         0
                text23                             5956     5956      108         0
                text22                             65CA     65CA      1B4         0
                text21                             4E74     4E74       6A         0
                text20                             5130     5130       84         0
                text19                             4A76     4A76        4         0
                text18                             4ACC     4ACC       14         0
                text17                             4B22     4B22       16         0
                text16                             4EDE     4EDE       6E         0
                text15                             71E0     71E0      4C0         0
                text14                             4D62     4D62       48         0
                text13                             5C7A     5C7A      110         0
                text12                             677E     677E      29E         0
                text11                             6128     6128      180         0
                text10                             4DAA     4DAA       64         0
                text9                              642C     642C      19E         0
                text8                              53E8     53E8       CA         0
                text7                              4A7E     4A7E        8         0
                text6                              4A86     4A86        8         0
                text5                              4A7A     4A7A        4         0
                text4                              4A8E     4A8E        8         0
                text3                              4FC0     4FC0       74         0
                text2                              5D8A     5D8A      114         0
                text1                              5264     5264       C0         0
                text0                              76A0     76A0      67C         0
                cinit                              4BD6     4BD6       2A         0
                idataBANK0                         4A97     4A97        9         0

        CLASS   CONST          

        CLASS   SMALLCONST     

        CLASS   MEDIUMCONST    
                mediumconst                        7D1C     7D1C      2E4         0

        CLASS   COMRAM         
                cstackCOMRAM                          1        1       5F         1

        CLASS   ABS1           

        CLASS   BIGRAM         

        CLASS   RAM            

        CLASS   BANK0          
                cstackBANK0                          60       60       87         1
                dataBANK0                            E7       E7        9         1

        CLASS   BANK1          
                cstackBANK1                         100      100       30         1

        CLASS   BANK2          

        CLASS   BANK3          

        CLASS   BANK4          

        CLASS   BANK5          

        CLASS   BANK6          

        CLASS   BANK7          

        CLASS   SFR            

        CLASS   CONFIG         
                config                           300000   300000        C         4

        CLASS   IDLOC          
                idloc                            200000   200000       10         5

        CLASS   EEDATA         

        CLASS   FARRAM         



SEGMENTS        Name                           Load    Length   Top    Selector   Space  Class

                reset_vec                      000000  000004  000004         0       0  CODE    
                cstackCOMRAM                   000001  00005F  000060         1       1  COMRAM  
                cstackBANK0                    000060  000090  0000F0        60       1  BANK0   
                cstackBANK1                    000100  000030  000130       100       1  BANK1   
                text19                         004A76  000004  004A7A      253B       0  CODE    
                text5                          004A7A  000004  004A7E      253D       0  CODE    
                text7                          004A7E  000008  004A86      253F       0  CODE    
                text6                          004A86  000008  004A8E      2543       0  CODE    
                text4                          004A8E  000008  004A96      2547       0  CODE    
                idataBANK0                     004A97  000009  004AA0      4A97       0  CODE    
                text44                         004AA0  00000C  004AAC      2550       0  CODE    
                text31                         004AAC  00000E  004ABA      2556       0  CODE    
                text49                         004ABA  000012  004ACC      255D       0  CODE    
                text18                         004ACC  000014  004AE0      2566       0  CODE    
                text55                         004AE0  000016  004AF6      2570       0  CODE    
                text43                         004AF6  000016  004B0C      257B       0  CODE    
                text39                         004B0C  000016  004B22      2586       0  CODE    
                text17                         004B22  000016  004B38      2591       0  CODE    
                text46                         004B38  00001A  004B52      259C       0  CODE    
                text57                         004B52  00001C  004B6E      25A9       0  CODE    
                text56                         004B6E  00001E  004B8C      25B7       0  CODE    
                text58                         004B8C  000022  004BAE      25C6       0  CODE    
                text41                         004BAE  000028  004BD6      25D7       0  CODE    
                cinit                          004BD6  00002A  004C00      25EB       0  CODE    
                text30                         004C00  00002E  004C2E      2600       0  CODE    
                text50                         004C2E  000034  004C62      2617       0  CODE    
                text40                         004C62  000038  004C9A      2631       0  CODE    
                text26                         004C9A  00003C  004CD6      264D       0  CODE    
                text37                         004CD6  000044  004D1A      266B       0  CODE    
                text48                         004D1A  000048  004D62      268D       0  CODE    
                text14                         004D62  000048  004DAA      26B1       0  CODE    
                text10                         004DAA  000064  004E0E      26D5       0  CODE    
                text35                         004E0E  000066  004E74      2707       0  CODE    
                text21                         004E74  00006A  004EDE      273A       0  CODE    
                text16                         004EDE  00006E  004F4C      276F       0  CODE    
                text36                         004F4C  000074  004FC0      27A6       0  CODE    
                text3                          004FC0  000074  005034      27E0       0  CODE    
                text53                         005034  000078  0050AC      281A       0  CODE    
                text52                         0050AC  000084  005130      2856       0  CODE    
                text20                         005130  000084  0051B4      2898       0  CODE    
                text27                         0051B4  0000B0  005264      28DA       0  CODE    
                text1                          005264  0000C0  005324      2932       0  CODE    
                text28                         005324  0000C4  0053E8      2992       0  CODE    
                text8                          0053E8  0000CA  0054B2      29F4       0  CODE    
                text51                         0054B2  0000CE  005580      2A59       0  CODE    
                text54                         005580  0000EC  00566C      2AC0       0  CODE    
                text45                         00566C  0000F2  00575E      2B36       0  CODE    
                text34                         00575E  0000FC  00585A      2BAF       0  CODE    
                text33                         00585A  0000FC  005956      2C2D       0  CODE    
                text23                         005956  000108  005A5E      2CAB       0  CODE    
                text29                         005A5E  00010C  005B6A      2D2F       0  CODE    
                text38                         005B6A  000110  005C7A      2DB5       0  CODE    
                text13                         005C7A  000110  005D8A      2E3D       0  CODE    
                text2                          005D8A  000114  005E9E      2EC5       0  CODE    
                text32                         005E9E  000116  005FB4      2F4F       0  CODE    
                text47                         005FB4  000174  006128      2FDA       0  CODE    
                text11                         006128  000180  0062A8      3094       0  CODE    
                text42                         0062A8  000184  00642C      3154       0  CODE    
                text9                          00642C  00019E  0065CA      3216       0  CODE    
                text22                         0065CA  0001B4  00677E      32E5       0  CODE    
                text12                         00677E  00029E  006A1C      33BF       0  CODE    
                text25                         006A1C  00039A  006DB6      350E       0  CODE    
                text24                         006DB6  00042A  0071E0      36DB       0  CODE    
                text15                         0071E0  0004C0  0076A0      38F0       0  CODE    
                text0                          0076A0  00067C  007D1C      3B50       0  CODE    
                mediumconst                    007D1C  0002E4  008000      3E8E       0  MEDIUMCO


UNUSED ADDRESS RANGES

        Name                Unused          Largest block    Delta
        BANK0            0000F0-0000FF               10
        BANK1            000130-0001FF               D0
        BANK2            000200-0002FF              100
        BANK3            000300-0003FF              100
        BANK4            000400-0004FF              100
        BANK5            000500-0005FF              100
        BANK6            000600-0006FF              100
        BANK7            000700-0007FF              100
        BIGRAM           0000F0-0000FF               10
                         000130-0007FF              6D0
        CODE             000004-004A75             4A72
                         004A96-004A96                1
        CONST            000004-004A75             4A72
                         004A96-004A96                1
        EEDATA           310000-3100FF              100
        MEDIUMCONST      000800-004A75             4276
                         004A96-004A96                1
        RAM              0000F0-0000FF               10
                         000130-0007FF              100
        SFR              000EA0-000FFF               60
        SMALLCONST       000800-004A75              100
                         004A96-004A96                1
        STACK            000130-0007FF              6D0

                                  Symbol Table

?___awdiv                         cstackCOMRAM 000001
?___awmod                         cstackCOMRAM 000001
?___fladd                         cstackCOMRAM 00004B
?___fldiv                         cstackCOMRAM 000019
?___flmul                         cstackCOMRAM 000032
?___fltol                         cstackCOMRAM 00005B
?___lwdiv                         cstackCOMRAM 000001
?___lwmod                         cstackBANK0  000066
?___xxtofl                        cstackCOMRAM 00000B
?_humidityDec                     cstackBANK0  000066
?_humidityHex                     cstackCOMRAM 000003
?_pourcentBatt                    cstackBANK0  000066
?_sendMeanHumi                    cstackBANK0  000066
?_sendMeanTemp                    cstackBANK0  000066
?_temperatureHex                  cstackCOMRAM 000003
?_voltmeterHex                    cstackCOMRAM 000001
GetMode@masked_reg                cstackCOMRAM 000010
GetMode@reg                       cstackCOMRAM 000011
ReadSXRegister@RegValue           cstackCOMRAM 000003
ReadSXRegister@address            cstackCOMRAM 000004
Receive@RXNumberOfBytes           cstackCOMRAM 00000E
Receive@data                      cstackCOMRAM 00000B
Receive@i                         cstackCOMRAM 00000F
Receive@reg_val                   cstackCOMRAM 000010
SPIReceive@data_in                cstackCOMRAM 000002
SPIReceive@data_out               cstackCOMRAM 000001
SPITransfer@data_out              cstackCOMRAM 000001
Transmit@data                     cstackCOMRAM 00000B
Transmit@data_long                cstackCOMRAM 00000D
Transmit@i                        cstackCOMRAM 000010
Transmit@reg_val                  cstackCOMRAM 00000F
UARTInit@baudRate                 cstackCOMRAM 000001
UARTWriteByte@data                cstackCOMRAM 000001
UARTWriteByteHex@data             cstackCOMRAM 000002
UARTWriteByteHex@hexa             cstackCOMRAM 000009
UARTWriteStr@i                    cstackCOMRAM 000006
UARTWriteStr@string               cstackCOMRAM 000002
UARTWriteStrLn@i                  cstackCOMRAM 000006
UARTWriteStrLn@string             cstackCOMRAM 000002
WriteSXRegister@address           cstackCOMRAM 000006
WriteSXRegister@data              cstackCOMRAM 000005
_ADACQ                            (abs)        000F5C
_ADCLK                            (abs)        000F57
_ADCON0bits                       (abs)        000F60
_ADPCH                            (abs)        000F5F
_ADRESH                           (abs)        000F64
_ADRESL                           (abs)        000F63
_ANSELAbits                       (abs)        000F11
_ANSELCbits                       (abs)        000F21
_AntennaRX                        text43       004AF6
_AntennaTX                        text39       004B0C
_BAUD1CONbits                     (abs)        000F9F
_GetMode                          text47       005FB4
_INTCONbits                       (abs)        000FF2
_InitModule                       text45       00566C
_InitRFLoRaPins                   text44       004AA0
_LATAbits                         (abs)        000F83
_LATBbits                         (abs)        000F84
_LATCbits                         (abs)        000F85
_PIE3bits                         (abs)        000EC5
_PIR3bits                         (abs)        000ECD
_RC1STA                           (abs)        000F9D
_RC1STAbits                       (abs)        000F9D
_RC3PPS                           (abs)        000EFA
_RC5PPS                           (abs)        000EFC
_RC6PPS                           (abs)        000EFD
_ReadSXRegister                   text56       004B6E
_Receive                          text42       0062A8
_ResetRFModule                    text41       004BAE
_SP1BRG                           (abs)        000F9B
_SP1BRGH                          (abs)        000F9C
_SPIInit                          text40       004C62
_SPIReceive                       text58       004B8C
_SPITransfer                      text57       004B52
_SSP1BUF                          (abs)        000F92
_SSP1CLKPPS                       (abs)        000EB7
_SSP1CON1                         (abs)        000F96
_SSP1CON3                         (abs)        000F98
_SSP1DATPPS                       (abs)        000EB8
_SSP1STAT                         (abs)        000F95
_TRISAbits                        (abs)        000F88
_TRISBbits                        (abs)        000F89
_TRISCbits                        (abs)        000F8A
_TX1REG                           (abs)        000F9A
_TX1STA                           (abs)        000F9E
_TX1STAbits                       (abs)        000F9E
_Transmit                         text38       005B6A
_UARTInit                         text37       004CD6
_UARTWriteByte                    text55       004AE0
_UARTWriteByteHex                 text54       005580
_UARTWriteStr                     text53       005034
_UARTWriteStrLn                   text52       0050AC
_WriteSXRegister                  text46       004B38
__HRAM                            (abs)        000000
__Habs1                           abs1         000000
__Hbank0                          bank0        000000
__Hbank1                          bank1        000000
__Hbank2                          bank2        000000
__Hbank3                          bank3        000000
__Hbank4                          bank4        000000
__Hbank5                          bank5        000000
__Hbank6                          bank6        000000
__Hbank7                          bank7        000000
__Hbigbss                         bigbss       000000
__Hbigdata                        bigdata      000000
__Hbigram                         bigram       000000
__Hbss                            bss          000000
__Hcinit                          cinit        000000
__Hclrtext                        clrtext      000000
__Hcomram                         comram       000000
__Hconfig                         config       30000C
__Hconst                          const        000000
__HcstackBANK0                    cstackBANK0  000000
__HcstackBANK1                    cstackBANK1  000000
__HcstackCOMRAM                   cstackCOMRAM 000000
__Hdata                           data         000000
__HdataBANK0                      dataBANK0    000000
__Heeprom_data                    eeprom_data  000000
__Hfarbss                         farbss       000000
__Hfardata                        fardata      000000
__Hibigdata                       ibigdata     000000
__Hidata                          idata        000000
__HidataBANK0                     idataBANK0   000000
__Hidloc                          idloc        200010
__Hifardata                       ifardata     000000
__Hinit                           init         000004
__Hintcode                        intcode      000000
__Hintcode_body                   intcode_body 000000
__Hintcodelo                      intcodelo    000000
__Hintentry                       intentry     000000
__Hintret                         intret       000000
__Hintsave_regs                   intsave_regs 000000
__Hirdata                         irdata       000000
__Hmediumconst                    mediumconst  008000
__HnvFARRAM                       nvFARRAM     000000
__Hnvbit                          nvbit        000000
__Hnvrram                         nvrram       000000
__Hparam                          rparam       000000
__Hpowerup                        powerup      000000
__Hram                            ram          000000
__Hramtop                         ramtop       000800
__Hrbit                           rbit         000000
__Hrbss                           rbss         000000
__Hrdata                          rdata        000000
__Hreset_vec                      reset_vec    000000
__Hrparam                         rparam       000000
__Hsfr                            sfr          000000
__Hsmallconst                     smallconst   000000
__Hspace_0                        (abs)        008000
__Hspace_1                        (abs)        000130
__Hspace_2                        (abs)        000000
__Hspace_4                        (abs)        60000C
__Hstack                          stack        000000
__Hstruct                         struct       000000
__Htemp                           temp         000000
__Htext                           text         000000
__Htext0                          text0        000000
__Htext1                          text1        000000
__Htext10                         text10       000000
__Htext11                         text11       000000
__Htext12                         text12       000000
__Htext13                         text13       000000
__Htext14                         text14       000000
__Htext15                         text15       000000
__Htext16                         text16       000000
__Htext17                         text17       000000
__Htext18                         text18       000000
__Htext19                         text19       000000
__Htext2                          text2        000000
__Htext20                         text20       000000
__Htext21                         text21       000000
__Htext22                         text22       000000
__Htext23                         text23       000000
__Htext24                         text24       000000
__Htext25                         text25       000000
__Htext26                         text26       000000
__Htext27                         text27       000000
__Htext28                         text28       000000
__Htext29                         text29       000000
__Htext3                          text3        000000
__Htext30                         text30       000000
__Htext31                         text31       000000
__Htext32                         text32       000000
__Htext33                         text33       000000
__Htext34                         text34       000000
__Htext35                         text35       000000
__Htext36                         text36       000000
__Htext37                         text37       000000
__Htext38                         text38       000000
__Htext39                         text39       000000
__Htext4                          text4        000000
__Htext40                         text40       000000
__Htext41                         text41       000000
__Htext42                         text42       000000
__Htext43                         text43       000000
__Htext44                         text44       000000
__Htext45                         text45       000000
__Htext46                         text46       000000
__Htext47                         text47       000000
__Htext48                         text48       000000
__Htext49                         text49       000000
__Htext5                          text5        000000
__Htext50                         text50       000000
__Htext51                         text51       000000
__Htext52                         text52       000000
__Htext53                         text53       000000
__Htext54                         text54       000000
__Htext55                         text55       000000
__Htext56                         text56       000000
__Htext57                         text57       000000
__Htext58                         text58       000000
__Htext6                          text6        000000
__Htext7                          text7        000000
__Htext8                          text8        000000
__Htext9                          text9        000000
__LRAM                            (abs)        000001
__Labs1                           abs1         000000
__Lbank0                          bank0        000000
__Lbank1                          bank1        000000
__Lbank2                          bank2        000000
__Lbank3                          bank3        000000
__Lbank4                          bank4        000000
__Lbank5                          bank5        000000
__Lbank6                          bank6        000000
__Lbank7                          bank7        000000
__Lbigbss                         bigbss       000000
__Lbigdata                        bigdata      000000
__Lbigram                         bigram       000000
__Lbss                            bss          000000
__Lcinit                          cinit        000000
__Lclrtext                        clrtext      000000
__Lcomram                         comram       000000
__Lconfig                         config       000000
__Lconst                          const        000000
__LcstackBANK0                    cstackBANK0  000000
__LcstackBANK1                    cstackBANK1  000000
__LcstackCOMRAM                   cstackCOMRAM 000000
__Ldata                           data         000000
__LdataBANK0                      dataBANK0    000000
__Leeprom_data                    eeprom_data  000000
__Lfarbss                         farbss       000000
__Lfardata                        fardata      000000
__Libigdata                       ibigdata     000000
__Lidata                          idata        000000
__LidataBANK0                     idataBANK0   000000
__Lidloc                          idloc        000000
__Lifardata                       ifardata     000000
__Linit                           init         000000
__Lintcode                        intcode      000000
__Lintcode_body                   intcode_body 000000
__Lintcodelo                      intcodelo    000000
__Lintentry                       intentry     000000
__Lintret                         intret       000000
__Lintsave_regs                   intsave_regs 000000
__Lirdata                         irdata       000000
__Lmediumconst                    mediumconst  007D1C
__LnvFARRAM                       nvFARRAM     000000
__Lnvbit                          nvbit        000000
__Lnvrram                         nvrram       000000
__Lparam                          rparam       000000
__Lpowerup                        powerup      000000
__Lram                            ram          000000
__Lramtop                         ramtop       000800
__Lrbit                           rbit         000000
__Lrbss                           rbss         000000
__Lrdata                          rdata        000000
__Lreset_vec                      reset_vec    000000
__Lrparam                         rparam       000000
__Lsfr                            sfr          000000
__Lsmallconst                     smallconst   000000
__Lspace_0                        (abs)        000000
__Lspace_1                        (abs)        000000
__Lspace_2                        (abs)        000000
__Lspace_4                        (abs)        000000
__Lstack                          stack        000000
__Lstruct                         struct       000000
__Ltemp                           temp         000000
__Ltext                           text         000000
__Ltext0                          text0        000000
__Ltext1                          text1        000000
__Ltext10                         text10       000000
__Ltext11                         text11       000000
__Ltext12                         text12       000000
__Ltext13                         text13       000000
__Ltext14                         text14       000000
__Ltext15                         text15       000000
__Ltext16                         text16       000000
__Ltext17                         text17       000000
__Ltext18                         text18       000000
__Ltext19                         text19       000000
__Ltext2                          text2        000000
__Ltext20                         text20       000000
__Ltext21                         text21       000000
__Ltext22                         text22       000000
__Ltext23                         text23       000000
__Ltext24                         text24       000000
__Ltext25                         text25       000000
__Ltext26                         text26       000000
__Ltext27                         text27       000000
__Ltext28                         text28       000000
__Ltext29                         text29       000000
__Ltext3                          text3        000000
__Ltext30                         text30       000000
__Ltext31                         text31       000000
__Ltext32                         text32       000000
__Ltext33                         text33       000000
__Ltext34                         text34       000000
__Ltext35                         text35       000000
__Ltext36                         text36       000000
__Ltext37                         text37       000000
__Ltext38                         text38       000000
__Ltext39                         text39       000000
__Ltext4                          text4        000000
__Ltext40                         text40       000000
__Ltext41                         text41       000000
__Ltext42                         text42       000000
__Ltext43                         text43       000000
__Ltext44                         text44       000000
__Ltext45                         text45       000000
__Ltext46                         text46       000000
__Ltext47                         text47       000000
__Ltext48                         text48       000000
__Ltext49                         text49       000000
__Ltext5                          text5        000000
__Ltext50                         text50       000000
__Ltext51                         text51       000000
__Ltext52                         text52       000000
__Ltext53                         text53       000000
__Ltext54                         text54       000000
__Ltext55                         text55       000000
__Ltext56                         text56       000000
__Ltext57                         text57       000000
__Ltext58                         text58       000000
__Ltext6                          text6        000000
__Ltext7                          text7        000000
__Ltext8                          text8        000000
__Ltext9                          text9        000000
__S0                              (abs)        008000
__S1                              (abs)        000130
__S2                              (abs)        000000
__S4                              (abs)        000000
__S5                              (abs)        000000
___awdiv                          text28       005324
___awdiv@counter                  cstackCOMRAM 000005
___awdiv@dividend                 cstackCOMRAM 000001
___awdiv@divisor                  cstackCOMRAM 000003
___awdiv@quotient                 cstackCOMRAM 000007
___awdiv@sign                     cstackCOMRAM 000006
___awmod                          text27       0051B4
___awmod@counter                  cstackCOMRAM 000005
___awmod@dividend                 cstackCOMRAM 000001
___awmod@divisor                  cstackCOMRAM 000003
___awmod@sign                     cstackCOMRAM 000006
___fladd                          text15       0071E0
___fladd@a                        cstackCOMRAM 00004F
___fladd@aexp                     cstackCOMRAM 000058
___fladd@b                        cstackCOMRAM 00004B
___fladd@bexp                     cstackCOMRAM 000059
___fladd@grs                      cstackCOMRAM 00005A
___fladd@signs                    cstackCOMRAM 000057
___fldiv                          text25       006A1C
___fldiv@a                        cstackCOMRAM 00001D
___fldiv@aexp                     cstackCOMRAM 000031
___fldiv@b                        cstackCOMRAM 000019
___fldiv@bexp                     cstackCOMRAM 000030
___fldiv@grs                      cstackCOMRAM 00002C
___fldiv@new_exp                  cstackCOMRAM 00002A
___fldiv@rem                      cstackCOMRAM 000025
___fldiv@sign                     cstackCOMRAM 000029
___flmul                          text24       006DB6
___flmul@a                        cstackCOMRAM 000036
___flmul@aexp                     cstackCOMRAM 000043
___flmul@b                        cstackCOMRAM 000032
___flmul@bexp                     cstackCOMRAM 000044
___flmul@grs                      cstackCOMRAM 00003F
___flmul@prod                     cstackCOMRAM 000045
___flmul@sign                     cstackCOMRAM 00003E
___flmul@temp                     cstackCOMRAM 000049
___fltol                          text23       005956
___fltol@exp1                     cstackBANK0  000065
___fltol@f1                       cstackCOMRAM 00005B
___fltol@sign1                    cstackBANK0  000064
___inthi_sp                       stack        000000
___intlo_sp                       stack        000000
___lwdiv                          text36       004F4C
___lwdiv@counter                  cstackCOMRAM 000007
___lwdiv@dividend                 cstackCOMRAM 000001
___lwdiv@divisor                  cstackCOMRAM 000003
___lwdiv@quotient                 cstackCOMRAM 000005
___lwmod                          text35       004E0E
___lwmod@counter                  cstackCOMRAM 00005F
___lwmod@dividend                 cstackBANK0  000066
___lwmod@divisor                  cstackBANK0  000068
___param_bank                     (abs)        000000
___rparam_used                    (abs)        000001
___sp                             stack        000000
___xxtofl                         text22       0065CA
___xxtofl@arg                     cstackCOMRAM 000015
___xxtofl@exp                     cstackCOMRAM 000014
___xxtofl@sign                    cstackCOMRAM 000013
___xxtofl@val                     cstackCOMRAM 00000B
__accesstop                       (abs)        000060
__activetblptr                    (abs)        000002
__end_of_AntennaRX                text43       004B0C
__end_of_AntennaTX                text39       004B22
__end_of_GetMode                  text47       006128
__end_of_InitModule               text45       00575E
__end_of_InitRFLoRaPins           text44       004AAC
__end_of_ReadSXRegister           text56       004B8C
__end_of_Receive                  text42       00642C
__end_of_ResetRFModule            text41       004BD6
__end_of_SPIInit                  text40       004C9A
__end_of_SPIReceive               text58       004BAE
__end_of_SPITransfer              text57       004B6E
__end_of_Transmit                 text38       005C7A
__end_of_UARTInit                 text37       004D1A
__end_of_UARTWriteByte            text55       004AF6
__end_of_UARTWriteByteHex         text54       00566C
__end_of_UARTWriteStr             text53       0050AC
__end_of_UARTWriteStrLn           text52       005130
__end_of_WriteSXRegister          text46       004B52
__end_of___awdiv                  text28       0053E8
__end_of___awmod                  text27       005264
__end_of___fladd                  text15       0076A0
__end_of___fldiv                  text25       006DB6
__end_of___flmul                  text24       0071E0
__end_of___fltol                  text23       005A5E
__end_of___lwdiv                  text36       004FC0
__end_of___lwmod                  text35       004E74
__end_of___xxtofl                 text22       00677E
__end_of__initialization          cinit        004BF6
__end_of_afficher_batterie        text34       00585A
__end_of_afficher_donnees         text30       004C2E
__end_of_afficher_humidite        text33       005956
__end_of_afficher_string          text48       004D62
__end_of_afficher_string_hex      text29       005B6A
__end_of_afficher_temperature     text32       005FB4
__end_of_allumer_bleu             text7        004A86
__end_of_allumer_rouge            text6        004A8E
__end_of_allumer_rouge_solo       text5        004A7E
__end_of_allumer_vert             text4        004A96
__end_of_clear_ecran              text31       004ABA
__end_of_ecrire_ecran_data        text50       004C62
__end_of_ecrire_ecran_start_byte  text49       004ACC
__end_of_eteindre_rouge_solo      text19       004A7A
__end_of_hexToDec                 text26       004CD6
__end_of_humidityDec              text20       0051B4
__end_of_humidityHex              text21       004EDE
__end_of_initLeds                 text18       004AE0
__end_of_initVoltmeter            text17       004B38
__end_of_init_ecran               text16       004F4C
__end_of_inverser_binaire         text51       005580
__end_of_main                     text0        007D1C
__end_of_pourcentBatt             text13       005D8A
__end_of_printBatteryLevel        text12       006A1C
__end_of_printHumidityLevel       text11       0062A8
__end_of_printTemperatureLevel    text8        0054B2
__end_of_refresh_leds             text3        005034
__end_of_sendMeanHumi             text2        005E9E
__end_of_sendMeanTemp             text9        0065CA
__end_of_temperatureHex           text10       004E0E
__end_of_voltmeterDec             text1        005324
__end_of_voltmeterHex             text14       004DAA
__initialization                  cinit        004BD6
__mediumconst                     mediumconst  007D1C
__pcinit                          cinit        004BD6
__pcstackBANK0                    cstackBANK0  000060
__pcstackBANK1                    cstackBANK1  000100
__pcstackCOMRAM                   cstackCOMRAM 000001
__pdataBANK0                      dataBANK0    0000E7
__pidataBANK0                     idataBANK0   004A97
__pmediumconst                    mediumconst  007D1C
__ptext0                          text0        0076A0
__ptext1                          text1        005264
__ptext10                         text10       004DAA
__ptext11                         text11       006128
__ptext12                         text12       00677E
__ptext13                         text13       005C7A
__ptext14                         text14       004D62
__ptext15                         text15       0071E0
__ptext16                         text16       004EDE
__ptext17                         text17       004B22
__ptext18                         text18       004ACC
__ptext19                         text19       004A76
__ptext2                          text2        005D8A
__ptext20                         text20       005130
__ptext21                         text21       004E74
__ptext22                         text22       0065CA
__ptext23                         text23       005956
__ptext24                         text24       006DB6
__ptext25                         text25       006A1C
__ptext26                         text26       004C9A
__ptext27                         text27       0051B4
__ptext28                         text28       005324
__ptext29                         text29       005A5E
__ptext3                          text3        004FC0
__ptext30                         text30       004C00
__ptext31                         text31       004AAC
__ptext32                         text32       005E9E
__ptext33                         text33       00585A
__ptext34                         text34       00575E
__ptext35                         text35       004E0E
__ptext36                         text36       004F4C
__ptext37                         text37       004CD6
__ptext38                         text38       005B6A
__ptext39                         text39       004B0C
__ptext4                          text4        004A8E
__ptext40                         text40       004C62
__ptext41                         text41       004BAE
__ptext42                         text42       0062A8
__ptext43                         text43       004AF6
__ptext44                         text44       004AA0
__ptext45                         text45       00566C
__ptext46                         text46       004B38
__ptext47                         text47       005FB4
__ptext48                         text48       004D1A
__ptext49                         text49       004ABA
__ptext5                          text5        004A7A
__ptext50                         text50       004C2E
__ptext51                         text51       0054B2
__ptext52                         text52       0050AC
__ptext53                         text53       005034
__ptext54                         text54       005580
__ptext55                         text55       004AE0
__ptext56                         text56       004B6E
__ptext57                         text57       004B52
__ptext58                         text58       004B8C
__ptext6                          text6        004A86
__ptext7                          text7        004A7E
__ptext8                          text8        0053E8
__ptext9                          text9        00642C
__ramtop                          ramtop       000800
__size_of_AntennaRX               (abs)        000000
__size_of_AntennaTX               (abs)        000000
__size_of_GetMode                 (abs)        000000
__size_of_InitModule              (abs)        000000
__size_of_InitRFLoRaPins          (abs)        000000
__size_of_ReadSXRegister          (abs)        000000
__size_of_Receive                 (abs)        000000
__size_of_ResetRFModule           (abs)        000000
__size_of_SPIInit                 (abs)        000000
__size_of_SPIReceive              (abs)        000000
__size_of_SPITransfer             (abs)        000000
__size_of_Transmit                (abs)        000000
__size_of_UARTInit                (abs)        000000
__size_of_UARTWriteByte           (abs)        000000
__size_of_UARTWriteByteHex        (abs)        000000
__size_of_UARTWriteStr            (abs)        000000
__size_of_UARTWriteStrLn          (abs)        000000
__size_of_WriteSXRegister         (abs)        000000
__size_of___awdiv                 (abs)        000000
__size_of___awmod                 (abs)        000000
__size_of___fladd                 (abs)        000000
__size_of___fldiv                 (abs)        000000
__size_of___flmul                 (abs)        000000
__size_of___fltol                 (abs)        000000
__size_of___lwdiv                 (abs)        000000
__size_of___lwmod                 (abs)        000000
__size_of___xxtofl                (abs)        000000
__size_of_afficher_batterie       (abs)        000000
__size_of_afficher_donnees        (abs)        000000
__size_of_afficher_humidite       (abs)        000000
__size_of_afficher_string         (abs)        000000
__size_of_afficher_string_hex     (abs)        000000
__size_of_afficher_temperature    (abs)        000000
__size_of_allumer_bleu            (abs)        000000
__size_of_allumer_rouge           (abs)        000000
__size_of_allumer_rouge_solo      (abs)        000000
__size_of_allumer_vert            (abs)        000000
__size_of_clear_ecran             (abs)        000000
__size_of_ecrire_ecran_data       (abs)        000000
__size_of_ecrire_ecran_start_byte (abs)        000000
__size_of_eteindre_rouge_solo     (abs)        000000
__size_of_hexToDec                (abs)        000000
__size_of_humidityDec             (abs)        000000
__size_of_humidityHex             (abs)        000000
__size_of_initLeds                (abs)        000000
__size_of_initVoltmeter           (abs)        000000
__size_of_init_ecran              (abs)        000000
__size_of_inverser_binaire        (abs)        000000
__size_of_main                    (abs)        000000
__size_of_pourcentBatt            (abs)        000000
__size_of_printBatteryLevel       (abs)        000000
__size_of_printHumidityLevel      (abs)        000000
__size_of_printTemperatureLevel   (abs)        000000
__size_of_refresh_leds            (abs)        000000
__size_of_sendMeanHumi            (abs)        000000
__size_of_sendMeanTemp            (abs)        000000
__size_of_temperatureHex          (abs)        000000
__size_of_voltmeterDec            (abs)        000000
__size_of_voltmeterHex            (abs)        000000
__smallconst                      smallconst   000000
_afficher_batterie                text34       00575E
_afficher_donnees                 text30       004C00
_afficher_humidite                text33       00585A
_afficher_string                  text48       004D1A
_afficher_string_hex              text29       005A5E
_afficher_temperature             text32       005E9E
_allumer_bleu                     text7        004A7E
_allumer_rouge                    text6        004A86
_allumer_rouge_solo               text5        004A7A
_allumer_vert                     text4        004A8E
_clear_ecran                      text31       004AAC
_ecrire_ecran_data                text50       004C2E
_ecrire_ecran_start_byte          text49       004ABA
_eteindre_rouge_solo              text19       004A76
_hexToDec                         text26       004C9A
_humidityDec                      text20       005130
_humidityHex                      text21       004E74
_initLeds                         text18       004ACC
_initVoltmeter                    text17       004B22
_init_ecran                       text16       004EDE
_inverser_binaire                 text51       0054B2
_main                             text0        0076A0
_pourcentBatt                     text13       005C7A
_pourcentBatt$2031                cstackBANK0  000068
_pourcentBatt$2032                cstackBANK0  00006C
_printBatteryLevel                text12       00677E
_printBatteryLevel$2033           cstackBANK0  00006E
_printHumidityLevel               text11       006128
_printTemperatureLevel            text8        0053E8
_refresh_leds                     text3        004FC0
_sendMeanHumi                     text2        005D8A
_sendMeanTemp                     text9        00642C
_sendMeanTemp$2035                cstackBANK0  0000D0
_temperatureHex                   text10       004DAA
_voltmeterDec                     text1        005264
_voltmeterDec$2030                cstackBANK0  00006A
_voltmeterHex                     text14       004D62
afficher_batterie@data            cstackBANK0  00006A
afficher_donnees@bat              cstackBANK0  000070
afficher_donnees@hum              cstackBANK0  00006E
afficher_donnees@tem              cstackBANK0  00006C
afficher_humidite@data            cstackBANK0  00006A
afficher_string@string            cstackCOMRAM 00000C
afficher_string_hex@data          cstackCOMRAM 00000C
afficher_string_hex@hexa          cstackCOMRAM 000013
afficher_temperature@data         cstackBANK0  00006A
ecrire_ecran_data@data            cstackCOMRAM 00000A
ecrire_ecran_data@data_inverse    cstackCOMRAM 00000B
ecrire_ecran_start_byte@RSW       cstackCOMRAM 000002
end_of_initialization             cinit        004BF6
hexToDec@data                     cstackCOMRAM 00000B
hexToDec@lowerHex                 cstackCOMRAM 00000A
hexToDec@upperHex                 cstackCOMRAM 000009
humidityDec@humidite              cstackBANK0  000068
humidityHex@value                 cstackCOMRAM 000008
intlevel0                         text         000000
intlevel1                         text         000000
intlevel2                         text         000000
intlevel3                         text         000000
inverser_binaire@data             cstackCOMRAM 000006
inverser_binaire@data_inverse     cstackCOMRAM 000005
inverser_binaire@i                cstackCOMRAM 000007
isa$std                           (abs)        000001
isa$xinst                         (abs)        000000
main@F9622                        dataBANK0    0000E7
main@RXNumberOfBytes              cstackBANK1  00011E
main@batterie                     cstackBANK1  00012C
main@capteurPresent               cstackBANK1  000122
main@humidite                     cstackBANK1  00011F
main@i                            cstackBANK1  000121
main@rxMsg                        cstackBANK1  000100
main@temperature                  cstackBANK1  00012E
main@txMsg                        cstackBANK1  000123
pourcentBatt@pourcentBattDec      cstackBANK0  000070
printBatteryLevel@integer         cstackBANK0  000074
printBatteryLevel@pourcentBatt    cstackBANK0  00007E
printBatteryLevel@string          cstackBANK0  000078
printBatteryLevel@vBatt           cstackBANK0  000076
printBatteryLevel@value           cstackBANK0  000072
printBatteryLevel@volts           cstackBANK0  00006A
printHumidityLevel@humidite       cstackBANK0  00006A
printHumidityLevel@integer        cstackBANK0  000076
printHumidityLevel@string         cstackBANK0  000070
printHumidityLevel@value          cstackBANK0  00006E
printTemperatureLevel@integer     cstackBANK0  0000DE
printTemperatureLevel@string      cstackBANK0  0000D8
refresh_leds@batterie             cstackCOMRAM 000003
refresh_leds@temperature          cstackCOMRAM 000001
sendMeanHumi@humiMoy              cstackBANK0  00006C
sendMeanHumi@i                    cstackBANK0  0000D2
sendMeanHumi@integer              cstackBANK0  0000D0
sendMeanHumi@j                    cstackBANK0  0000D3
sendMeanTemp@i                    cstackBANK0  0000D4
sendMeanTemp@integer              cstackBANK0  0000D6
sendMeanTemp@j                    cstackBANK0  0000D5
sendMeanTemp@tempMoy              cstackBANK0  00006C
stackhi                           (abs)        0007FF
stacklo                           (abs)        000130
start                             init         000000
start_initialization              cinit        004BD6
temperatureHex@trash              cstackCOMRAM 00000A
temperatureHex@value              cstackCOMRAM 000008
voltmeterDec@vBatt                cstackBANK0  00006E
voltmeterDec@volts                cstackBANK0  000066
voltmeterHex@value                cstackCOMRAM 000007


MODULE INFORMATION

Module		Function		Class		Link	Load	Size
C:\Program Files\Microchip\xc8\v2.32\pic\sources\c99\common\awdiv.c
		___awdiv       		CODE           	5324	0000	196

C:\Program Files\Microchip\xc8\v2.32\pic\sources\c99\common\awdiv.c estimated size: 196

C:\Program Files\Microchip\xc8\v2.32\pic\sources\c99\common\sprcadd.c
		___fladd       		CODE           	71E0	0000	1216

C:\Program Files\Microchip\xc8\v2.32\pic\sources\c99\common\sprcadd.c estimated size: 1216

sensor.c
		_temperatureHex		CODE           	4DAA	0000	100
		_printHumidityLevel		CODE           	6128	0000	384
		_printTemperatureLevel		CODE           	53E8	0000	202
		_humidityDec   		CODE           	5130	0000	132
		_humidityHex   		CODE           	4E74	0000	106
		_sendMeanHumi  		CODE           	5D8A	0000	276
		_sendMeanTemp  		CODE           	642C	0000	414

sensor.c estimated size: 1614

affichage.c
		_inverser_binaire		CODE           	54B2	0000	206
		_ecrire_ecran_data		CODE           	4C2E	0000	52
		_afficher_donnees		CODE           	4C00	0000	46
		_afficher_batterie		CODE           	575E	0000	252
		_init_ecran    		CODE           	4EDE	0000	110
		_afficher_humidite		CODE           	585A	0000	252
		_afficher_temperature		CODE           	5E9E	0000	278
		_ecrire_ecran_start_byte		CODE           	4ABA	0000	18
		_afficher_string_hex		CODE           	5A5E	0000	268
		_afficher_string		CODE           	4D1A	0000	72
		_clear_ecran   		CODE           	4AAC	0000	14

affichage.c estimated size: 1568

Capteur_Temp.c
		_main          		CODE           	76A0	0000	1660

Capteur_Temp.c estimated size: 1660

uart.c
		_UARTWriteStr  		CODE           	5034	0000	120
		_UARTWriteByte 		CODE           	4AE0	0000	22
		_UARTWriteByteHex		CODE           	5580	0000	236
		_UARTInit      		CODE           	4CD6	0000	68
		_UARTWriteStrLn		CODE           	50AC	0000	132

uart.c estimated size: 578

C:\Program Files\Microchip\xc8\v2.32\pic\sources\c99\common\lwmod.c
		___lwmod       		CODE           	4E0E	0000	102

C:\Program Files\Microchip\xc8\v2.32\pic\sources\c99\common\lwmod.c estimated size: 102

voltmeter.c
		_pourcentBatt  		CODE           	5C7A	0000	272
		_printBatteryLevel		CODE           	677E	0000	670
		_initVoltmeter 		CODE           	4B22	0000	22
		_voltmeterDec  		CODE           	5264	0000	192
		_voltmeterHex  		CODE           	4D62	0000	72

voltmeter.c estimated size: 1228

sendRecept.c
		_Receive       		CODE           	62A8	0000	388
		_Transmit      		CODE           	5B6A	0000	272
		_hexToDec      		CODE           	4C9A	0000	60

sendRecept.c estimated size: 720

SX1272.c
		_ReadSXRegister		CODE           	4B6E	0000	30
		_GetMode       		CODE           	5FB4	0000	372
		_InitModule    		CODE           	566C	0000	242
		_WriteSXRegister		CODE           	4B38	0000	26

SX1272.c estimated size: 670

spi.c
		_SPITransfer   		CODE           	4B52	0000	28
		_SPIReceive    		CODE           	4B8C	0000	34
		_SPIInit       		CODE           	4C62	0000	56

spi.c estimated size: 118

shared
		__initialization		CODE           	4BD6	0000	32

shared estimated size: 32

C:\Program Files\Microchip\xc8\v2.32\pic\sources\c99\common\sprcmul.c
		___flmul       		CODE           	6DB6	0000	1066

C:\Program Files\Microchip\xc8\v2.32\pic\sources\c99\common\sprcmul.c estimated size: 1066

C:\Program Files\Microchip\xc8\v2.32\pic\sources\c99\common\awmod.c
		___awmod       		CODE           	51B4	0000	176

C:\Program Files\Microchip\xc8\v2.32\pic\sources\c99\common\awmod.c estimated size: 176

leds.c
		_allumer_bleu  		CODE           	4A7E	0000	8
		_allumer_vert  		CODE           	4A8E	0000	8
		_allumer_rouge 		CODE           	4A86	0000	8
		_refresh_leds  		CODE           	4FC0	0000	116
		_eteindre_rouge_solo		CODE           	4A76	0000	4
		_initLeds      		CODE           	4ACC	0000	20
		_allumer_rouge_solo		CODE           	4A7A	0000	4

leds.c estimated size: 168

RF_LoRa_868_SO.c
		_ResetRFModule 		CODE           	4BAE	0000	40
		_AntennaRX     		CODE           	4AF6	0000	22
		_AntennaTX     		CODE           	4B0C	0000	22
		_InitRFLoRaPins		CODE           	4AA0	0000	12

RF_LoRa_868_SO.c estimated size: 96

C:\Program Files\Microchip\xc8\v2.32\pic\sources\c99\common\sprcdiv.c
		___fldiv       		CODE           	6A1C	0000	922

C:\Program Files\Microchip\xc8\v2.32\pic\sources\c99\common\sprcdiv.c estimated size: 922

C:\Program Files\Microchip\xc8\v2.32\pic\sources\c99\common\lwdiv.c
		___lwdiv       		CODE           	4F4C	0000	116

C:\Program Files\Microchip\xc8\v2.32\pic\sources\c99\common\lwdiv.c estimated size: 116

C:\Program Files\Microchip\xc8\v2.32\pic\sources\c99\common\fltol.c
		___fltol       		CODE           	5956	0000	264

C:\Program Files\Microchip\xc8\v2.32\pic\sources\c99\common\fltol.c estimated size: 264

C:\Program Files\Microchip\xc8\v2.32\pic\sources\c99\common\xxtofl.c
		___xxtofl      		CODE           	65CA	0000	436

C:\Program Files\Microchip\xc8\v2.32\pic\sources\c99\common\xxtofl.c estimated size: 436

