Microchip MPLAB XC8 Compiler V2.36

Linker command line:

-W-3 --edf=C:\Program Files\Microchip\xc8\v2.36\pic\dat\en_msgs.txt -cn \
  -h+dist/default/production\Pic.production.sym \
  --cmf=dist/default/production\Pic.production.cmf -z -Q18F25K40 \
  -oC:\Users\lucas\AppData\Local\Temp\xcAssl8.4 --defsym=__MPLAB_BUILD=1 \
  -Mdist/default/production/Pic.production.map \
  --md=C:\Users\lucas\AppData\Local\Temp\xcAssl8.dat -E1 -ver=XC8 Compiler \
  --acfsm=1493 -ACODE=00h-07FFFh -ACONST=00h-07FFFh \
  -ASMALLCONST=0800h-08FFhx120 -AMEDIUMCONST=0800h-07FFFh -ACOMRAM=01h-05Fh \
  -AABS1=00h-07FFh -ABIGRAM=01h-07FFh -ARAM=060h-0FFh,0100h-01FFhx7 \
  -ABANK0=060h-0FFh -ABANK1=0100h-01FFh -ABANK2=0200h-02FFh \
  -ABANK3=0300h-03FFh -ABANK4=0400h-04FFh -ABANK5=0500h-05FFh \
  -ABANK6=0600h-06FFh -ABANK7=0700h-07FFh -ASFR=0EA0h-0EFFhx2,0F60h-0FFFh \
  -ABIGSFR=0EA0h-0FFFh -ACONFIG=0300000h-030000Bh -AIDLOC=0200000h-020000Fh \
  -AEEDATA=0310000h-03100FFh -peeprom_data=EEDATA \
  -preset_vec=00h,intcode,intcodelo,powerup,init -pramtop=0800h \
  -psmallconst=SMALLCONST -pmediumconst=MEDIUMCONST -pconst=CONST \
  -AFARRAM=00h-00h \
  -prdata=COMRAM,nvrram=COMRAM,nvbit=COMRAM,rbss=COMRAM,rbit=COMRAM \
  -pfarbss=FARRAM,fardata=FARRAM,nvFARRAM=FARRAM \
  -pintsave_regs=BIGRAM,bigbss=BIGRAM,bigdata=BIGRAM -pbss=RAM \
  -pidata=CODE,irdata=CODE,ibigdata=CODE,ifardata=CODE -prparam=COMRAM \
  C:\Users\lucas\AppData\Local\Temp\xcAssl8.o \
  dist/default/production\Pic.production.o 

Object code version is 3.11

Machine type is 18F25K40



                Name                               Link     Load   Length Selector   Space Scale
C:\Users\lucas\AppData\Local\Temp\xcAssl8.o
                idloc                            200000   200000       10        0       5
                config                           300000   300000        C        0       4
                init                                  0        0        4        0       0
dist/default/production\Pic.production.o
                idloc                            200000   200000       10        0       5
                config                           300000   300000        C        0       4
                mediumconst                        7E46     7E46      1BA     3F23       0
                text19                             7524     7524       22     3A92       0
                text18                             74EA     74EA       1C     3A75       0
                text17                             7506     7506       1E     3A83       0
                text16                             7478     7478       16     3A3C       0
                text15                             76E8     76E8       EC     3B74       0
                text14                             7670     7670       78     3B38       0
                text13                             7614     7614       5C     3B0A       0
                text12                             79D6     79D6      168     3CEB       0
                text11                             74D0     74D0       1A     3A68       0
                text10                             77D4     77D4       F2     3BEA       0
                text9                              746C     746C        C     3A36       0
                text8                              748E     748E       16     3A47       0
                text7                              7B3E     7B3E      174     3D9F       0
                text6                              7546     7546       28     3AA3       0
                text5                              7598     7598       38     3ACC       0
                text4                              74A4     74A4       16     3A52       0
                text3                              78C6     78C6      110     3C63       0
                text2                              75D0     75D0       44     3AE8       0
                text1                              74BA     74BA       16     3A5D       0
                text0                              7CB2     7CB2      194     3E59       0
                cstackCOMRAM                          1        1       42        1       1
                dataCOMRAM                           43       43        9        1       1
                cinit                              756E     756E       2A     3AB7       0
                idataCOMRAM                        7463     7463        9     7463       0

TOTAL           Name                               Link     Load   Length     Space
        CLASS   CODE           
                init                                  0        0        4         0
                text19                             7524     7524       22         0
                text18                             74EA     74EA       1C         0
                text17                             7506     7506       1E         0
                text16                             7478     7478       16         0
                text15                             76E8     76E8       EC         0
                text14                             7670     7670       78         0
                text13                             7614     7614       5C         0
                text12                             79D6     79D6      168         0
                text11                             74D0     74D0       1A         0
                text10                             77D4     77D4       F2         0
                text9                              746C     746C        C         0
                text8                              748E     748E       16         0
                text7                              7B3E     7B3E      174         0
                text6                              7546     7546       28         0
                text5                              7598     7598       38         0
                text4                              74A4     74A4       16         0
                text3                              78C6     78C6      110         0
                text2                              75D0     75D0       44         0
                text1                              74BA     74BA       16         0
                text0                              7CB2     7CB2      194         0
                cinit                              756E     756E       2A         0
                idataCOMRAM                        7463     7463        9         0

        CLASS   CONST          

        CLASS   SMALLCONST     

        CLASS   MEDIUMCONST    
                mediumconst                        7E46     7E46      1BA         0

        CLASS   COMRAM         
                cstackCOMRAM                          1        1       42         1
                dataCOMRAM                           43       43        9         1

        CLASS   ABS1           

        CLASS   BIGRAM         

        CLASS   RAM            

        CLASS   BANK0          

        CLASS   BANK1          

        CLASS   BANK2          

        CLASS   BANK3          

        CLASS   BANK4          

        CLASS   BANK5          

        CLASS   BANK6          

        CLASS   BANK7          

        CLASS   SFR            

        CLASS   BIGSFR         

        CLASS   CONFIG         
                config                           300000   300000        C         4

        CLASS   IDLOC          
                idloc                            200000   200000       10         5

        CLASS   EEDATA         

        CLASS   FARRAM         

        CLASS   HEAP           

        CLASS   STACK          



SEGMENTS        Name                           Load    Length   Top    Selector   Space  Class

                reset_vec                      000000  000004  000004         0       0  CODE    
                cstackCOMRAM                   000001  00004B  00004C         1       1  COMRAM  
                idataCOMRAM                    007463  000009  00746C      7463       0  CODE    
                text9                          00746C  00000C  007478      3A36       0  CODE    
                text16                         007478  000016  00748E      3A3C       0  CODE    
                text8                          00748E  000016  0074A4      3A47       0  CODE    
                text4                          0074A4  000016  0074BA      3A52       0  CODE    
                text1                          0074BA  000016  0074D0      3A5D       0  CODE    
                text11                         0074D0  00001A  0074EA      3A68       0  CODE    
                text18                         0074EA  00001C  007506      3A75       0  CODE    
                text17                         007506  00001E  007524      3A83       0  CODE    
                text19                         007524  000022  007546      3A92       0  CODE    
                text6                          007546  000028  00756E      3AA3       0  CODE    
                cinit                          00756E  00002A  007598      3AB7       0  CODE    
                text5                          007598  000038  0075D0      3ACC       0  CODE    
                text2                          0075D0  000044  007614      3AE8       0  CODE    
                text13                         007614  00005C  007670      3B0A       0  CODE    
                text14                         007670  000078  0076E8      3B38       0  CODE    
                text15                         0076E8  0000EC  0077D4      3B74       0  CODE    
                text10                         0077D4  0000F2  0078C6      3BEA       0  CODE    
                text3                          0078C6  000110  0079D6      3C63       0  CODE    
                text12                         0079D6  000168  007B3E      3CEB       0  CODE    
                text7                          007B3E  000174  007CB2      3D9F       0  CODE    
                text0                          007CB2  000194  007E46      3E59       0  CODE    
                mediumconst                    007E46  0001BA  008000      3F23       0  MEDIUMCO


UNUSED ADDRESS RANGES

        Name                Unused          Largest block    Delta
        BANK0            000060-0000FF               A0
        BANK1            000100-0001FF              100
        BANK2            000200-0002FF              100
        BANK3            000300-0003FF              100
        BANK4            000400-0004FF              100
        BANK5            000500-0005FF              100
        BANK6            000600-0006FF              100
        BANK7            000700-0007FF              100
        BIGRAM           00004C-0007FF              7B4
        BIGSFR           000EA0-000FFF              160
        CODE             000004-007462             745F
        COMRAM           00004C-00005F               14
        CONST            000004-007462             745F
        EEDATA           310000-3100FF              100
        MEDIUMCONST      000800-007462             6C63
        RAM              000060-0007FF              100
        SFR              000EA0-000FFF               60
        SMALLCONST       000800-007462              100

                                  Symbol Table

GetMode@masked_reg        cstackCOMRAM 00000D
GetMode@reg               cstackCOMRAM 00000E
ReadSXRegister@RegValue   cstackCOMRAM 000003
ReadSXRegister@address    cstackCOMRAM 000004
Receive@RXNumberOfBytes   cstackCOMRAM 00000E
Receive@data              cstackCOMRAM 00000B
Receive@i                 cstackCOMRAM 00000F
Receive@reg_val           cstackCOMRAM 000010
SPIReceive@data_in        cstackCOMRAM 000002
SPIReceive@data_out       cstackCOMRAM 000001
SPITransfer@data_out      cstackCOMRAM 000001
Transmit@data             cstackCOMRAM 00000B
Transmit@data_long        cstackCOMRAM 00000D
Transmit@i                cstackCOMRAM 000010
Transmit@reg_val          cstackCOMRAM 00000F
UARTInit@baudRate         cstackCOMRAM 000001
UARTWriteByte@data        cstackCOMRAM 000001
UARTWriteByteHex@data     cstackCOMRAM 000002
UARTWriteByteHex@hexa     cstackCOMRAM 000009
UARTWriteStr@i            cstackCOMRAM 000006
UARTWriteStr@string       cstackCOMRAM 000002
UARTWriteStrLn@i          cstackCOMRAM 000006
UARTWriteStrLn@string     cstackCOMRAM 000002
WriteSXRegister@address   cstackCOMRAM 000006
WriteSXRegister@data      cstackCOMRAM 000005
_ADACQ                    (abs)        000F5C
_ADCLK                    (abs)        000F57
_ADCON0bits               (abs)        000F60
_ADPCH                    (abs)        000F5F
_ADRESH                   (abs)        000F64
_ADRESL                   (abs)        000F63
_ANSELAbits               (abs)        000F11
_ANSELCbits               (abs)        000F21
_AntennaRX                text8        00748E
_AntennaTX                text4        0074A4
_BAUD1CONbits             (abs)        000F9F
_GetMode                  text12       0079D6
_INTCONbits               (abs)        000FF2
_InitModule               text10       0077D4
_InitRFLoRaPins           text9        00746C
_LATAbits                 (abs)        000F83
_LATBbits                 (abs)        000F84
_LATCbits                 (abs)        000F85
_PIE3bits                 (abs)        000EC5
_PIR3bits                 (abs)        000ECD
_RC1STA                   (abs)        000F9D
_RC1STAbits               (abs)        000F9D
_RC3PPS                   (abs)        000EFA
_RC5PPS                   (abs)        000EFC
_RC6PPS                   (abs)        000EFD
_ReadSXRegister           text17       007506
_Receive                  text7        007B3E
_ResetRFModule            text6        007546
_SP1BRG                   (abs)        000F9B
_SP1BRGH                  (abs)        000F9C
_SPIInit                  text5        007598
_SPIReceive               text19       007524
_SPITransfer              text18       0074EA
_SSP1BUF                  (abs)        000F92
_SSP1CLKPPS               (abs)        000EB7
_SSP1CON1                 (abs)        000F96
_SSP1CON3                 (abs)        000F98
_SSP1DATPPS               (abs)        000EB8
_SSP1STAT                 (abs)        000F95
_TRISAbits                (abs)        000F88
_TRISBbits                (abs)        000F89
_TRISCbits                (abs)        000F8A
_TX1REG                   (abs)        000F9A
_TX1STA                   (abs)        000F9E
_TX1STAbits               (abs)        000F9E
_Transmit                 text3        0078C6
_UARTInit                 text2        0075D0
_UARTWriteByte            text16       007478
_UARTWriteByteHex         text15       0076E8
_UARTWriteStr             text14       007670
_UARTWriteStrLn           text13       007614
_WriteSXRegister          text11       0074D0
__HRAM                    (abs)        000000
__Habs1                   abs1         000000
__Hbank0                  bank0        000000
__Hbank1                  bank1        000000
__Hbank2                  bank2        000000
__Hbank3                  bank3        000000
__Hbank4                  bank4        000000
__Hbank5                  bank5        000000
__Hbank6                  bank6        000000
__Hbank7                  bank7        000000
__Hbigbss                 bigbss       000000
__Hbigdata                bigdata      000000
__Hbigram                 bigram       000000
__Hbigsfr                 bigsfr       000000
__Hbss                    bss          000000
__Hcinit                  cinit        000000
__Hclrtext                clrtext      000000
__Hcomram                 comram       000000
__Hconfig                 config       30000C
__Hconst                  const        000000
__HcstackCOMRAM           cstackCOMRAM 000000
__Hdata                   data         000000
__HdataCOMRAM             dataCOMRAM   000000
__Heeprom_data            eeprom_data  000000
__Hfarbss                 farbss       000000
__Hfardata                fardata      000000
__Hheap                   heap         000000
__Hibigdata               ibigdata     000000
__Hidata                  idata        000000
__HidataCOMRAM            idataCOMRAM  000000
__Hidloc                  idloc        200010
__Hifardata               ifardata     000000
__Hinit                   init         000004
__Hintcode                intcode      000000
__Hintcode_body           intcode_body 000000
__Hintcodelo              intcodelo    000000
__Hintentry               intentry     000000
__Hintret                 intret       000000
__Hintsave_regs           intsave_regs 000000
__Hirdata                 irdata       000000
__Hmediumconst            mediumconst  008000
__HnvFARRAM               nvFARRAM     000000
__Hnvbit                  nvbit        000000
__Hnvrram                 nvrram       000000
__Hparam                  rparam       000000
__Hpowerup                powerup      000000
__Hram                    ram          000000
__Hramtop                 ramtop       000800
__Hrbit                   rbit         000000
__Hrbss                   rbss         000000
__Hrdata                  rdata        000000
__Hreset_vec              reset_vec    000000
__Hrparam                 rparam       000000
__Hsfr                    sfr          000000
__Hsmallconst             smallconst   000000
__Hspace_0                (abs)        008000
__Hspace_1                (abs)        00004C
__Hspace_2                (abs)        000000
__Hspace_4                (abs)        60000C
__Hstack                  stack        000000
__Hstruct                 struct       000000
__Htemp                   temp         000000
__Htext                   text         000000
__Htext0                  text0        000000
__Htext1                  text1        000000
__Htext10                 text10       000000
__Htext11                 text11       000000
__Htext12                 text12       000000
__Htext13                 text13       000000
__Htext14                 text14       000000
__Htext15                 text15       000000
__Htext16                 text16       000000
__Htext17                 text17       000000
__Htext18                 text18       000000
__Htext19                 text19       000000
__Htext2                  text2        000000
__Htext3                  text3        000000
__Htext4                  text4        000000
__Htext5                  text5        000000
__Htext6                  text6        000000
__Htext7                  text7        000000
__Htext8                  text8        000000
__Htext9                  text9        000000
__LRAM                    (abs)        000001
__Labs1                   abs1         000000
__Lbank0                  bank0        000000
__Lbank1                  bank1        000000
__Lbank2                  bank2        000000
__Lbank3                  bank3        000000
__Lbank4                  bank4        000000
__Lbank5                  bank5        000000
__Lbank6                  bank6        000000
__Lbank7                  bank7        000000
__Lbigbss                 bigbss       000000
__Lbigdata                bigdata      000000
__Lbigram                 bigram       000000
__Lbigsfr                 bigsfr       000000
__Lbss                    bss          000000
__Lcinit                  cinit        000000
__Lclrtext                clrtext      000000
__Lcomram                 comram       000000
__Lconfig                 config       000000
__Lconst                  const        000000
__LcstackCOMRAM           cstackCOMRAM 000000
__Ldata                   data         000000
__LdataCOMRAM             dataCOMRAM   000000
__Leeprom_data            eeprom_data  000000
__Lfarbss                 farbss       000000
__Lfardata                fardata      000000
__Lheap                   heap         000000
__Libigdata               ibigdata     000000
__Lidata                  idata        000000
__LidataCOMRAM            idataCOMRAM  000000
__Lidloc                  idloc        000000
__Lifardata               ifardata     000000
__Linit                   init         000000
__Lintcode                intcode      000000
__Lintcode_body           intcode_body 000000
__Lintcodelo              intcodelo    000000
__Lintentry               intentry     000000
__Lintret                 intret       000000
__Lintsave_regs           intsave_regs 000000
__Lirdata                 irdata       000000
__Lmediumconst            mediumconst  007E46
__LnvFARRAM               nvFARRAM     000000
__Lnvbit                  nvbit        000000
__Lnvrram                 nvrram       000000
__Lparam                  rparam       000000
__Lpowerup                powerup      000000
__Lram                    ram          000000
__Lramtop                 ramtop       000800
__Lrbit                   rbit         000000
__Lrbss                   rbss         000000
__Lrdata                  rdata        000000
__Lreset_vec              reset_vec    000000
__Lrparam                 rparam       000000
__Lsfr                    sfr          000000
__Lsmallconst             smallconst   000000
__Lspace_0                (abs)        000000
__Lspace_1                (abs)        000000
__Lspace_2                (abs)        000000
__Lspace_4                (abs)        000000
__Lstack                  stack        000000
__Lstruct                 struct       000000
__Ltemp                   temp         000000
__Ltext                   text         000000
__Ltext0                  text0        000000
__Ltext1                  text1        000000
__Ltext10                 text10       000000
__Ltext11                 text11       000000
__Ltext12                 text12       000000
__Ltext13                 text13       000000
__Ltext14                 text14       000000
__Ltext15                 text15       000000
__Ltext16                 text16       000000
__Ltext17                 text17       000000
__Ltext18                 text18       000000
__Ltext19                 text19       000000
__Ltext2                  text2        000000
__Ltext3                  text3        000000
__Ltext4                  text4        000000
__Ltext5                  text5        000000
__Ltext6                  text6        000000
__Ltext7                  text7        000000
__Ltext8                  text8        000000
__Ltext9                  text9        000000
__S0                      (abs)        008000
__S1                      (abs)        00004C
__S4                      (abs)        000000
__S5                      (abs)        000000
___heap_hi                (abs)        000000
___heap_lo                (abs)        000000
___inthi_sp               stack        000000
___intlo_sp               stack        000000
___param_bank             (abs)        000000
___rparam_used            (abs)        000001
___sp                     stack        000000
__accesstop               (abs)        000060
__activetblptr            (abs)        000002
__end_of_AntennaRX        text8        0074A4
__end_of_AntennaTX        text4        0074BA
__end_of_GetMode          text12       007B3E
__end_of_InitModule       text10       0078C6
__end_of_InitRFLoRaPins   text9        007478
__end_of_ReadSXRegister   text17       007524
__end_of_Receive          text7        007CB2
__end_of_ResetRFModule    text6        00756E
__end_of_SPIInit          text5        0075D0
__end_of_SPIReceive       text19       007546
__end_of_SPITransfer      text18       007506
__end_of_Transmit         text3        0079D6
__end_of_UARTInit         text2        007614
__end_of_UARTWriteByte    text16       00748E
__end_of_UARTWriteByteHex text15       0077D4
__end_of_UARTWriteStr     text14       0076E8
__end_of_UARTWriteStrLn   text13       007670
__end_of_WriteSXRegister  text11       0074EA
__end_of__initialization  cinit        00758E
__end_of_initVoltmeter    text1        0074D0
__end_of_main             text0        007E46
__initialization          cinit        00756E
__mediumconst             mediumconst  007E46
__pcinit                  cinit        00756E
__pcstackCOMRAM           cstackCOMRAM 000001
__pdataCOMRAM             dataCOMRAM   000043
__pidataCOMRAM            idataCOMRAM  007463
__pmediumconst            mediumconst  007E46
__ptext0                  text0        007CB2
__ptext1                  text1        0074BA
__ptext10                 text10       0077D4
__ptext11                 text11       0074D0
__ptext12                 text12       0079D6
__ptext13                 text13       007614
__ptext14                 text14       007670
__ptext15                 text15       0076E8
__ptext16                 text16       007478
__ptext17                 text17       007506
__ptext18                 text18       0074EA
__ptext19                 text19       007524
__ptext2                  text2        0075D0
__ptext3                  text3        0078C6
__ptext4                  text4        0074A4
__ptext5                  text5        007598
__ptext6                  text6        007546
__ptext7                  text7        007B3E
__ptext8                  text8        00748E
__ptext9                  text9        00746C
__ramtop                  ramtop       000800
__smallconst              smallconst   000000
_initVoltmeter            text1        0074BA
_main                     text0        007CB2
end_of_initialization     cinit        00758E
intlevel0                 text         000000
intlevel1                 text         000000
intlevel2                 text         000000
intlevel3                 text         000000
isa$std                   (abs)        000001
isa$xinst                 (abs)        000000
main@F9592                dataCOMRAM   000043
main@RXNumberOfBytes      cstackCOMRAM 000040
main@argc                 cstackCOMRAM 000011
main@i                    cstackCOMRAM 000041
main@i_1043               cstackCOMRAM 000042
main@rxMsg                cstackCOMRAM 000019
main@txMsg                cstackCOMRAM 000037
stackhi                   (abs)        000000
stacklo                   (abs)        000000
start                     init         000000
start_initialization      cinit        00756E


MODULE INFORMATION

Module		Function		Class		Link	Load	Size
uart.c
		_UARTWriteStr  		CODE           	7670	0000	120
		_UARTWriteByte 		CODE           	7478	0000	22
		_UARTWriteByteHex		CODE           	76E8	0000	236
		_UARTInit      		CODE           	75D0	0000	68
		_UARTWriteStrLn		CODE           	7614	0000	92

uart.c estimated size: 538

voltmeter.c
		_initVoltmeter 		CODE           	74BA	0000	22

voltmeter.c estimated size: 22

sendRecept.c
		_Receive       		CODE           	7B3E	0000	372
		_Transmit      		CODE           	78C6	0000	272

sendRecept.c estimated size: 644

SX1272.c
		_ReadSXRegister		CODE           	7506	0000	30
		_GetMode       		CODE           	79D6	0000	360
		_InitModule    		CODE           	77D4	0000	242
		_WriteSXRegister		CODE           	74D0	0000	26

SX1272.c estimated size: 658

spi.c
		_SPITransfer   		CODE           	74EA	0000	28
		_SPIReceive    		CODE           	7524	0000	34
		_SPIInit       		CODE           	7598	0000	56

spi.c estimated size: 118

shared
		__initialization		CODE           	756E	0000	32

shared estimated size: 32

RF_LoRa_868_SO.c
		_ResetRFModule 		CODE           	7546	0000	40
		_AntennaRX     		CODE           	748E	0000	22
		_AntennaTX     		CODE           	74A4	0000	22
		_InitRFLoRaPins		CODE           	746C	0000	12

RF_LoRa_868_SO.c estimated size: 96

main.c
		_main          		CODE           	7CB2	0000	404

main.c estimated size: 404

